Vivado Simulator v2025.1.0
Copyright 1986-2022 Xilinx, Inc. All Rights Reserved.
Copyright 2022-2025 Advanced Micro Devices, Inc. All Rights Reserved.
Running: C:/Xilinx/2025.1/Vivado/bin/unwrapped/win64.o/xelab.exe --incr --debug typical --relax --mt 2 -L xil_defaultlib -L uvm -L unisims_ver -L unimacro_ver -L secureip --snapshot tb_behav xil_defaultlib.tb xil_defaultlib.glbl -log elaborate.log -L uvm 
Using 2 slave threads.
Starting static elaboration
Pass Through NonSizing Optimizer
Completed static elaboration
Starting simulation data flow analysis
WARNING: [XSIM 43-4099] "C:/Users/kisho/APB_protocol/APB_protocol.srcs/sources_1/imports/new/apb_pkg.sv" Line 1. Module apb_pkg doesn't have a timescale but at least one module in design has a timescale.
WARNING: [XSIM 43-4099] "C:/Users/kisho/APB_protocol/APB_protocol.srcs/sources_1/imports/new/apb_pkg.sv" Line 1. Module apb_pkg doesn't have a timescale but at least one module in design has a timescale.
Completed simulation data flow analysis
Time Resolution for simulation is 1ps
Compiling package std.std
Compiling package xil_defaultlib.$unit_apb_pkg_sv_3610827398
Compiling package xil_defaultlib.apb_pkg
Compiling module xil_defaultlib.cb_master
Compiling module xil_defaultlib.cb_monitor
Compiling module xil_defaultlib.apb_if_default
Compiling module xil_defaultlib.apb_slave
Compiling module xil_defaultlib.apb_test_default
Compiling module xil_defaultlib.tb
Compiling module xil_defaultlib.glbl
Built simulation snapshot tb_behav
